RAM Allocation [bytes]
Variable                                                                          Address   Size
------------------------------------------------------------------------------------------------
glcd_state                                                                        0x0160      29
glcd_init_data                                                                    0x017D       6
R_data                                                                            0x0183       8
ks0108_coord                                                                      0x018B       3
_seed                                                                             0x018E       4

EEPROM Allocation [bytes]
Variable                                                                          Address   Size
------------------------------------------------------------------------------------------------

Register Allocation
Variable                                                                          Register  Size
------------------------------------------------------------------------------------------------

FLASH Allocation [words]
Function                                                                          Address   Size
------------------------------------------------------------------------------------------------
main                                                                              0x00461      6
q1                                                                                0x00467    110
q2                                                                                0x004D5     17
q3                                                                                0x004E6    116
init                                                                              0x0055A     17
ks0108_enable_G100                                                                0x0056B      4
ks0108_disable_G100                                                               0x0056F      4
ks0108_rdbus_G100                                                                 0x00573      7
ks0108_busy_G100                                                                  0x0057A     24
ks0108_wrcmd_G100                                                                 0x00592      6
ks0108_setloc_G100                                                                0x00598     18
ks0108_gotoxp_G100                                                                0x005AA     15
ks0108_nextx_G100                                                                 0x005B9     21
ks0108_wrdata_G100                                                                0x005CE      9
ks0108_rddata_G100                                                                0x005D7      9
ks0108_rdbyte_G100                                                                0x005E0     10
glcd_init                                                                         0x005EA     98
glcd_clear                                                                        0x0064C     38
glcd_putpixel                                                                     0x00672     36
glcd_getpixel                                                                     0x00696     26
ks0108_wrmasked_G100                                                              0x006B0     59
glcd_block                                                                        0x006EB    477
glcd_clipx                                                                        0x008C8     21
glcd_clipy                                                                        0x008DD     21
glcd_setpixel                                                                     0x008F2     10
glcd_imagesize                                                                    0x008FC     44
glcd_putimagef                                                                    0x00928     49
glcd_putpixelm_G101                                                               0x00959     27
glcd_moveto                                                                       0x00974     13
glcd_line                                                                         0x00981    246
glcd_plot8_G101                                                                   0x00A77    339
glcd_line2_G101                                                                   0x00BCA     49
glcd_quadrant_G101                                                                0x00BFB     93
glcd_circle                                                                       0x00C58     11
ftrunc                                                                            0x00C63     49
floor                                                                             0x00C94     21
sin                                                                               0x00CA9    140
cos                                                                               0x00D35     12
memset                                                                            0x00D41     16
glcd_getmask                                                                      0x00D51     11
glcd_mappixcolor1bit                                                              0x00D5C     40
glcd_readmem                                                                      0x00D84     31
glcd_writemem                                                                     0x00DA3     31
